10011010101
1110011011111001
10101000110000100101
1110101001101010
110111101100101
111010011110001101
